class Foo {
  int bar () {
    return 10;
  }

  void foo () {
    int a = this.bar();
  }
}
