class Foo {
  void foo () {
    int a = 20;
    int b = 10;
  }
}
