class Foo {
  void foo () {
    int a = 20;
  }
}
