class Foo {
  int b;
  void set () {
    this.b = 10;
  }
}
