class Foo {
  int b;
  int a () {
    return 10;
  }
  void foo () {
    int tmp_1 = this.a();
    this.b = tmp_1;
  }
}
